unicore_714bfc25cf	JX503060.1	AFR79251.1_1-219_accessory_protein_[organism_Human_coronavirus_229E]_[isolate_0349]
unicore_289d08cb81	JX503060.1	AFR79254.1_1-389_nucleocapsid_protein_[organism_Human_coronavirus_229E]_[isolate_0349]
unicore_b7529200f9	JX503060.1	AFR79253.1_1-225_membrane_protein_[organism_Human_coronavirus_229E]_[isolate_0349]
unicore_940bfc3926	JX503060.1	AFR79250.1_1-1171_spike_protein_[organism_Human_coronavirus_229E]_[isolate_0349]
unicore_19993906a4	JX503060.1	AFR79252.1_1-77_envelope_protein_[organism_Human_coronavirus_229E]_[isolate_0349]
unicore_94f536383b	JX088695.1	AFP36391.1_1-76_envelope_protein_[organism_Porcine_epidemic_diarrhea_virus]_[isolate_GD-B]
unicore_72c868ed2f	JX088695.1	AFP36389.1_1-1386_spike_protein_[organism_Porcine_epidemic_diarrhea_virus]_[isolate_GD-B]
unicore_fa10473158	JX088695.1	AFP36390.1_1-224_hypothetical_protein_[organism_Porcine_epidemic_diarrhea_virus]_[isolate_GD-B]
unicore_ec78bd80d3	JX088695.1	AFP36392.1_1-226_membrane_protein_[organism_Porcine_epidemic_diarrhea_virus]_[isolate_GD-B]
unicore_fb3bdf69a9	JX088695.1	AFP36393.1_1-441_nucleocapsid_protein_[organism_Porcine_epidemic_diarrhea_virus]_[isolate_GD-B]
unicore_7c07a5dd05	OQ297728.1	WCZ56000.1_1-403_N_[organism_Bat_coronavirus_HKU10]_[isolate_GD_L109.18_2022]
unicore_ec68b3537c	OQ297728.1	WCZ56001.1_1-226_M_[organism_Bat_coronavirus_HKU10]_[isolate_GD_L109.18_2022]
unicore_fa97612743	OQ297728.1	WCZ56003.1_1-75_E_[organism_Bat_coronavirus_HKU10]_[isolate_GD_L109.18_2022]
unicore_9c68d7241a	OQ297728.1	WCZ55999.1_1-1349_S_[organism_Bat_coronavirus_HKU10]_[isolate_GD_L109.18_2022]
unicore_9236c2eda8	OQ297728.1	WCZ56002.1_1-218_NS3_[organism_Bat_coronavirus_HKU10]_[isolate_GD_L109.18_2022]
unicore_c5262e46f1	PQ187626.1	XEQ84080.1_1-77_envelope_[organism_Human_coronavirus_NL63]_[isolate_HCoV-NL63_276M_Tanzania_2018]
unicore_e48634d4bf	PQ187626.1	XEQ84078.1_1-1355_spike_[organism_Human_coronavirus_NL63]_[isolate_HCoV-NL63_276M_Tanzania_2018]
unicore_3e8d0c789b	PQ187626.1	XEQ84082.1_1-377_nucleocapsid_[organism_Human_coronavirus_NL63]_[isolate_HCoV-NL63_276M_Tanzania_2018]
unicore_4c3831ee1b	PQ187626.1	XEQ84081.1_1-229_membrane_protein_[organism_Human_coronavirus_NL63]_[isolate_HCoV-NL63_276M_Tanzania_2018]
unicore_7f6acda4a6	PQ187626.1	XEQ84079.1_1-225_ORF3_[organism_Human_coronavirus_NL63]_[isolate_HCoV-NL63_276M_Tanzania_2018]
unicore_e3f5e456a4	KX512810.1	ASR18947.1_1-247_hypothetical_protein_[organism_Ferret_systemic_coronavirus]
unicore_c40e1e0530	KX512810.1	ASR18949.1_1-267_membrane_protein_[organism_Ferret_systemic_coronavirus]
unicore_b0e87cacec	KX512810.1	ASR18950.1_1-374_nucleocapsid_protein_[organism_Ferret_systemic_coronavirus]
unicore_7946979e73	KX512810.1	ASR18948.1_1-82_envelope_protein_[organism_Ferret_systemic_coronavirus]
unicore_e1a0e2cfac	KX512810.1	ASR18951.1_1-204_nsp_7b_protein_[organism_Ferret_systemic_coronavirus]
unicore_35c5d10f74	KX512810.1	ASR18946.1_1-1449_spike_protein_[organism_Ferret_systemic_coronavirus]
unicore_7e3498139b	MZ328303.1	UBB42482.1_1-365_nucleocapsid_protein_[organism_Wenzhou_Suncus_murinus_alphacoronavirus_1]_[isolate_WCS_qunjing]
unicore_0528bb60c2	MZ328303.1	UBB42479.1_1-237_ORF3_protein_[organism_Wenzhou_Suncus_murinus_alphacoronavirus_1]_[isolate_WCS_qunjing]
unicore_a99a5a7eed	MZ328303.1	UBB42481.1_1-229_membrane_glycoprotein_[organism_Wenzhou_Suncus_murinus_alphacoronavirus_1]_[isolate_WCS_qunjing]
unicore_c73e63d030	MZ328303.1	UBB42483.1_1-135_ORF7_protein_[organism_Wenzhou_Suncus_murinus_alphacoronavirus_1]_[isolate_WCS_qunjing]
unicore_6ec134d9db	MZ328303.1	UBB42478.1_1-1134_surface_glycoprotein_[organism_Wenzhou_Suncus_murinus_alphacoronavirus_1]_[isolate_WCS_qunjing]
unicore_1d59a9ced7	MZ328303.1	UBB42480.1_1-75_envelope_protein_[organism_Wenzhou_Suncus_murinus_alphacoronavirus_1]_[isolate_WCS_qunjing]
unicore_6d17ffbfb3	MT820625.1	QOE77269.1_1-214_ORF3_protein_[organism_Lucheng_Rn_rat_coronavirus]_[isolate_Lijiang-170]
unicore_fbb94b3b36	MT820625.1	QOE77271.1_1-248_membrane_glycoprotein_[organism_Lucheng_Rn_rat_coronavirus]_[isolate_Lijiang-170]
unicore_50b1d751a5	MT820625.1	QOE77272.1_1-166_ORF6_protein_[organism_Lucheng_Rn_rat_coronavirus]_[isolate_Lijiang-170]
unicore_3a927586b1	MT820625.1	QOE77274.1_1-105_ORF8_protein_[organism_Lucheng_Rn_rat_coronavirus]_[isolate_Lijiang-170]
unicore_971b25ab0a	MT820625.1	QOE77270.1_1-78_envelope_protein_[organism_Lucheng_Rn_rat_coronavirus]_[isolate_Lijiang-170]
unicore_71fafe04df	MT820625.1	QOE77268.1_1-1126_surface_glycoprotein_[organism_Lucheng_Rn_rat_coronavirus]_[isolate_Lijiang-170]
unicore_99945925cf	MT820625.1	QOE77273.1_1-389_nucleocapsid_phosphoprotein_[organism_Lucheng_Rn_rat_coronavirus]_[isolate_Lijiang-170]
unicore_406efc3e2f	MF167434.1	ASK51718.1_1-229_hypothetical_protein_[organism_Porcine_enteric_alphacoronavirus_GDS04]
unicore_c07faab528	MF167434.1	ASK51722.1_1-99_hypothetical_protein_[organism_Porcine_enteric_alphacoronavirus_GDS04]
unicore_de2cce601e	MF167434.1	ASK51717.1_1-1130_spike_glycoprotein_[organism_Porcine_enteric_alphacoronavirus_GDS04]
unicore_219f8d99f8	MF167434.1	ASK51720.1_1-229_membrane_glycoprotein_[organism_Porcine_enteric_alphacoronavirus_GDS04]
unicore_cd33bede1b	MF167434.1	ASK51719.1_1-75_small_membrane_protein_[organism_Porcine_enteric_alphacoronavirus_GDS04]
unicore_6f94eb7535	MF167434.1	ASK51721.1_1-375_nucleocapsid_phosphoprotein_[organism_Porcine_enteric_alphacoronavirus_GDS04]
unicore_06a292664b	MK720944.1	QCX35164.1_1-423_nucleocapsid_protein_[organism_Tylonycteris_bat_coronavirus_HKU33]
unicore_150921a3e7	MK720944.1	QCX35160.1_1-1365_spike_glycoprotein_[organism_Tylonycteris_bat_coronavirus_HKU33]
unicore_3da8a0e109	MK720944.1	QCX35165.1_1-119_nonstructural_protein_7_[organism_Tylonycteris_bat_coronavirus_HKU33]
unicore_137ff9b463	MK720944.1	QCX35162.1_1-75_envelope_protein_[organism_Tylonycteris_bat_coronavirus_HKU33]
unicore_652cd78421	MK720944.1	QCX35163.1_1-228_membrane_protein_[organism_Tylonycteris_bat_coronavirus_HKU33]
unicore_4095672eea	MK720944.1	QCX35161.1_1-201_nonstructural_protein_3_[organism_Tylonycteris_bat_coronavirus_HKU33]
unicore_d2004c033e	PQ577592.1	XKT23059.1_1-1375_surface_glycoprotein_[organism_Alphacoronavirus_sp.]_[isolate_LH12181]
unicore_bf28a4c3f4	PQ577592.1	XKT23061.1_1-74_envelope_protein_[organism_Alphacoronavirus_sp.]_[isolate_LH12181]
unicore_bfc8ff2ef5	PQ577592.1	XKT23063.1_1-383_nucleocapsid_phosphoprotein_[organism_Alphacoronavirus_sp.]_[isolate_LH12181]
unicore_45b92c4daf	PQ577592.1	XKT23062.1_1-258_membrane_glycoprotein_[organism_Alphacoronavirus_sp.]_[isolate_LH12181]
unicore_2d578c13ac	PQ577592.1	XKT23060.1_1-219_ORF3_protein_[organism_Alphacoronavirus_sp.]_[isolate_LH12181]
unicore_8e6eae7a19	OP700657.1	UZK98248.1_1-75_envelope_protein_[organism_Tadarida_brasiliensis_bat_alphacoronavirus_2]_[isolate_Ros2017_2018-2]
unicore_eeb0393b07	OP700657.1	UZK98249.1_1-255_membrane_protein_[organism_Tadarida_brasiliensis_bat_alphacoronavirus_2]_[isolate_Ros2017_2018-2]
unicore_f3006d50e8	OP700657.1	UZK98250.1_1-435_nucleocapsid_protein_[organism_Tadarida_brasiliensis_bat_alphacoronavirus_2]_[isolate_Ros2017_2018-2]
unicore_c9438e7a9e	OP700657.1	UZK98247.1_1-227_ORF3_protein_[organism_Tadarida_brasiliensis_bat_alphacoronavirus_2]_[isolate_Ros2017_2018-2]
unicore_f1b017f54a	OP700657.1	UZK98246.1_1-1447_spike_glycoprotein_[organism_Tadarida_brasiliensis_bat_alphacoronavirus_2]_[isolate_Ros2017_2018-2]
unicore_7ebb25572b	OL410609.1	UNE74460.1_1-278_orf7_protein_[organism_Eptesicus_bat_coronavirus]
unicore_5bb290ae2f	OL410609.1	UNE74456.1_1-224_orf3_protein_[organism_Eptesicus_bat_coronavirus]
unicore_b38e5ac033	OL410609.1	UNE74458.1_1-225_M_protein_[organism_Eptesicus_bat_coronavirus]
unicore_134818dec6	OL410609.1	UNE74459.1_1-386_N_protein_[organism_Eptesicus_bat_coronavirus]
unicore_0ff027ad8d	OL410609.1	UNE74455.1_1-1347_spike_protein_[organism_Eptesicus_bat_coronavirus]
unicore_c6efd9a413	OL410609.1	UNE74457.1_1-81_E_protein_[organism_Eptesicus_bat_coronavirus]
unicore_1541c09eff	KP143508.1	AJO26989.1_1-377_nucleocapsid_protein_[organism_Feline_coronavirus]_[isolate_28O]
unicore_f63ee73e3c	KP143508.1	AJO26990.1_1-101_accessory_protein_7a_[organism_Feline_coronavirus]_[isolate_28O]
unicore_c9f6ae6b6d	KP143508.1	AJO26987.1_1-82_envelope_protein_[organism_Feline_coronavirus]_[isolate_28O]
unicore_758904cb11	KP143508.1	AJO26991.1_1-206_accessory_protein_7b_[organism_Feline_coronavirus]_[isolate_28O]
unicore_ba2c02a6b7	KP143508.1	AJO26984.1_1-70_accessory_protein_3a_[organism_Feline_coronavirus]_[isolate_28O]
unicore_ebba78178b	KP143508.1	AJO26983.1_1-1466_surface_glycoprotein_[organism_Feline_coronavirus]_[isolate_28O]
unicore_f16f60e046	KP143508.1	AJO26985.1_1-73_accessory_protein_3b_[organism_Feline_coronavirus]_[isolate_28O]
unicore_07afbc4b00	KP143508.1	AJO26988.1_1-264_membrane_protein_[organism_Feline_coronavirus]_[isolate_28O]
unicore_3f52d93611	KP143508.1	AJO26986.1_1-237_truncated_accessory_protein_3c_[organism_Feline_coronavirus]_[isolate_28O]
unicore_f5c7e566cf	KJ473806.1	AIA62246.1_1-1387_spike_glycoprotein_[organism_BtMr-AlphaCoV_SAX2011]_[isolate_BtMr-SAX2011]
unicore_96324d0dd2	KJ473806.1	AIA62247.1_1-219_hypothetical_protein_ORF3_[organism_BtMr-AlphaCoV_SAX2011]_[isolate_BtMr-SAX2011]
unicore_0b05e7d7a3	KJ473806.1	AIA62248.1_1-76_small_envelope_protein_[organism_BtMr-AlphaCoV_SAX2011]_[isolate_BtMr-SAX2011]
unicore_5c29d6477b	KJ473806.1	AIA62249.1_1-227_membrane_glycoprotein_[organism_BtMr-AlphaCoV_SAX2011]_[isolate_BtMr-SAX2011]
unicore_40debe42b3	KJ473806.1	AIA62250.1_1-429_nucleocapsid_protein_[organism_BtMr-AlphaCoV_SAX2011]_[isolate_BtMr-SAX2011]
